[    0.000000] Initializing cgroup subsys cpuset
[    0.000000] Initializing cgroup subsys cpu
[    0.000000] Initializing cgroup subsys cpuacct
[    0.000000] Linux version 4.4.0-154-generic (buildd@lgw01-amd64-049) (gcc version 5.4.0 20160609 (Ubuntu 5.4.0-6ubuntu1~16.04.10) ) #181-Ubuntu SMP Tue Jun 25 05:29:03 UTC 2019 (Ubuntu 4.4.0-154.181-generic 4.4.179)
[    0.000000] Command line: BOOT_IMAGE=/boot/vmlinuz-4.4.0-154-generic root=LABEL=cloudimg-rootfs ro console=tty1 console=ttyS0
[    0.000000] KERNEL supported cpus:
[    0.000000]   Intel GenuineIntel
[    0.000000]   AMD AuthenticAMD
[    0.000000]   Centaur CentaurHauls
[    0.000000] x86/fpu: Legacy x87 FPU detected.
[    0.000000] e820: BIOS-provided physical RAM map:
[    0.000000] BIOS-e820: [mem 0x0000000000000000-0x000000000009fbff] usable
[    0.000000] BIOS-e820: [mem 0x000000000009fc00-0x000000000009ffff] reserved
[    0.000000] BIOS-e820: [mem 0x00000000000f0000-0x00000000000fffff] reserved
[    0.000000] BIOS-e820: [mem 0x0000000000100000-0x000000003ffeffff] usable
[    0.000000] BIOS-e820: [mem 0x000000003fff0000-0x000000003fffffff] ACPI data
[    0.000000] BIOS-e820: [mem 0x00000000fec00000-0x00000000fec00fff] reserved
[    0.000000] BIOS-e820: [mem 0x00000000fee00000-0x0000000fee00fff] rserved
[    0.000000] BIOS-e820: [mem 0x00000000fffc0000-0x00000000ffffffff] reserved
[    0.000000] NX (Execute Disable) protection: active
[    0.000000] SMBIOS 2.5 present.
[    0.000000] Hypervisor detected: KVM
[    0.000000] e820: last_pfn = 0x3fff0 max_arch_pfn = 0x400000000
[    0.000000] MTRR: Disabled
[    0.000000] x86/PAT: MTRRs disabled, skipping PAT initialization too.
[    0.000000] CPU MTRRs all blank - virtualized system.
[    0.000000] x86/PAT: Configuration [0-7]: WB  WT  UC- UC  WB  WT  UC- UC  
[    0.000000] found SMP MP-table at [mem 0x0009fff0-0x0009ffff] mapped at [ffff88000009fff0]
[    0.000000] Scanning 1 areas for low memory corruption
[    0.000000] RAMDISK: [me 0x362fa000-0x37174fff]
[    0.000000] ACPI: Early table checksum verification disabled
[    0.000000] ACPI: RSDP 0x00000000000E0000 000024 (v02 VBOX  )
[    0.000000] ACPI: XSDT 0x000000003FFF0030 00003C (v01 VBOX   VBOXXSDT 00000001 ASL  00000061)
[    0.000000] ACPI: FACP 0x000000003FFF00F0 0000F4 (v04 VBOX   VBOXFACP 00000001 ASL  00000061)
[    0.000000] ACPI: DSDT 0x000000003FFF0470 0021FF (v02 VBOX   VBOXBIOS 00000002 INTL 20180105)
[    0.000000] ACPI: FACS 0x000000003FFF0200 000040
[    0.000000] ACPI: FACS 0x000000003FFF0200 000040
[    0.000000] ACPI: APIC 0x000000003FFF0240 00005C (v02 VBOX   VBOXAPIC 00000001 ASL  00000061)
[    0.000000] ACPI: SSDT 0x000000003FFF02A0 0001CC (v01 VBOX   VBOXCPUT 00000002 INTL 20180105)
[    0.000000] No NUMA configuration found
[    0.000000] Faking a node at [mem 0x0000000000000000-0x000000003ffeffff]
[    0.000000] NODE_DATA(0) allocated [mem 0x3ffeb000-0x3ffeffff]
[    0.000000] kvm-clock: Using msrs 4b564d01 and 4b564d00
[    0.000000] kvm-clock: cpu 0, msr 0:3ffe3001, primary cpu clock
[    0.000000] kvm-clock: using sched offset of 4878167292 cycles
[    0.000000] clocksource: kvm-clock: mask: 0xffffffffffffffff max_cycles: 0x1cd42e4dffb, max_idle_ns: 881590591483 ns
[    0.000000] Zone ranges:
[    0.000000]   DMA      [mem 0x0000000000001000-0x0000000000ffffff]
[    0.000000]   DMA32    [mem 0x0000000001000000-0x000000003ffeffff]
[    0.000000]   Normal   empty
[    0.000000]   Device   empty
[    0.000000] Movable zone start for each node
[    0.000000] Early memory node ranges
[    0.000000]   node   0: [mem 0x0000000000001000-0x000000000009efff]
[    0.000000]   node   0: [mem 0x0000000000100000-0x000000003ffeffff]
[    0.00000] Initmem setup node 0 [mem 0x0000000000001000-0x000000003ffeffff]
[    0.000000] ACPI: PM-Timer IO Port: 0x4008
[    0.000000] IOAPIC[0]: apic_id 2, version 32, address 0xfec00000, GSI 0-23
[    0.000000] ACPI: INT_SRC_OVR (bus 0 bus_irq 0 global_irq 2 dfl dfl)
[    0.000000] ACPI: INT_SRC_OVR (bus 0 bus_irq 9 global_irq 9 low level)
[    0.000000] Using ACPI (MADT) for SMP configuration information
[    0.000000] smpboot: Allowing 2 CPUs, 0 hotplug CPUs
[    0.000000] P: gistered nosave memory: [mem 0x00000000-0x00000fff]
[    0.000000] PM: Registered nosave memory: [mem 0x0009f000-0x0009ffff]
[    0.000000] PM: Registered nosave memory: [mem 0x000a0000-0x000effff]
[    0.000000] PM: Registered nosave memory: [mem 0x000f0000-0x000fffff]
[    0.000000] e820: [mem 0x40000000-0xfebfffff] available for PCI devices
[    0.000000] Booting paravirtualized kernel on KVM
[    0.000000] clocksource: refined-jiffies: mask: 0xffffffff max_cycles: 0xffffffff, max_idle_s: 7645519600211568 ns
[    0.000000] setup_percpu: NR_CPUS:512 nr_cpumask_bits:512 nr_cpu_ids:2 nr_node_ids:1
[    0.000000] PERCPU: Embedded 34 pages/cpu @ffff88003fc00000 s99480 r8192 d31592 u1048576
[    0.000000] Built 1 zonelists in Node order, mobility grouping on.  Total pages: 257912
[    0.000000] Policy zone: DMA32
[    0.000000] Kernel command line: BOOT_IMAGE=/boot/vmlinuz-4.4.0-154-generic root=LABEL=cloudimg-rootfs ro console=tty1 console=ttyS0
[    0.000000] PID hash table entries: 4096 (order: 3, 32768 bytes)
[    0.000000] Memory: 997732K/1048120K available (8613K kernel code, 1335K rwdata, 4028K rodata, 1484K init, 1284K bss, 50388K reserved, 0K cma-reserved)
[    0.000000] SLUB: HWalign=64, Order=0-3, MinObjects=0, CPUs=2, Nodes=1
[    0.000000] Kernel/User page tables isolation: enabled
[    0.000000] Hierarchical RCU implementation.
[    0.000000] 	Build-time adjustment of leaf fanout to 64.
[    0.000000] 	RCU restricting CPUs from NR_CPUS=512 to nr_cpu_ids=2.
[    0.000000] RCU: Adjusting geometry for rcu_fanout_leaf=64, nr_cpu_ids=2
[    0.000000] NR_IRQS:33024 nr_irqs:440 16
[    0.000000] Console: colour VGA+ 80x25
[    0.000000] console [tty1] enabled
[    0.000000] console [ttyS0] enabled
[    0.000000] tsc: Detected 2992.498 MHz processor
[    1.969336] Calibrating delay loop (skipped) preset value.. 5984.99 BogoMIPS (lpj=11969992)
[    1.972233] pid_max: default: 32768 minimum: 301
[    1.973752] ACPI: Core revision 20150930
[    1.976407] ACPI: 2 ACPI AML tables successfully acquired and loaded
[    1.978548] Security Framework initialized
[    1.979969] Yama: becoming mindful.
[    1.981329] AppArmor: AppArmor initialized
[    1.982915] Dentry cache hash table entries: 131072 (order: 8, 1048576 bytes)
[    1.985539] Inode-cache hash table entries: 65536 (order: 7, 524288 bytes)
[    1.987820] Mount-cache hash table entries: 2048 (order: 2, 16384 bytes)
[    1.989786] Mountpoint-cache hash table entries: 2048 (order: 2, 16384 bytes)
[    2.108822] Initializing cgroup subsys io
[    2.110246] Initializing cgroup subsys memory
[    2.111730] Initializing cgroup subsys devices
[    2.113242] Initializing cgroup subsys freezer
[    2.114761] Initializing cgroup subsys net_cls
[    2.116254] Initializing cgroup subsys perf_event
[    2.117797] Initializing cgroup subsys net_prio
[    2.155118] Initializing cgroup subsys hugetlb
[    2.156607] Initializing cgroup subsys pids
[    2.158148] mce: CPU supports 0 MCE banks
[    2.207853] Last level iTLB entries: 4KB 128, 2MB 4, 4MB 4
[    2.209561] Last level dTLB entries: 4KB 256, 2MB 0, 4MB 32, 1GB 0
[    2.211442] Spectre V2 : Mitigation: Full generic retpoline
[    2.213162] Spectre V2 : Spectre v2 / SpectreRSB mitigation: Filling RSB on context switch
[    2.223903] Speculative Store Bypass: Vulnerable
[    2.226334] MDS: Vulnerable: Clear CPU buffers attempted, no microcode
[    2.231939] Freeing SMP alternatives memory: 36K
[    2.241260] ftrace: allocating 32299 entries in 127 pages
[    2.312151] smpboot: APIC(0) Converting physical 0 to logical package 0
[    2.424198] smpboot: Max logical packages: 1
[    2.496765] x2apic enabled
[    2.498423] Switched APIC routing to physical x2apic.
[    2.502395] ..TIMER: vector=0x30 apic1=0 pin1=2 apic2=-1 pin2=-1
[    2.610595] smpboot: CPU0: Intel(R) Core(TM)2 Duo CPU     E8400  @ 3.00GHz (family: 0x6, model: 0x17, stepping: 0xa)
[    2.627635] Performance Events: unsupported p6 CPU model 23 no PMU driver, software events only.
[    2.787321] KVM setup paravirtual spinlock
[    2.790316] x86: Booting SMP configuration:
[    2.842002] .... node  #0, CPUs:      #1
[    2.851232] kvm-clock: cpu 1, msr 0:3ffe3041, secondary cpu clock
[    2.874316] mce: CPU supports 0 MCE banks
[    2.877518] x86: Booted up 1 node, 2 CPUs
[    2.879692] smpboot: Total of 2 processors activated (11969.99 BogoMIPS)
[    2.882518] devtmpfs: initialized
[    2.886644] evm: security.selinux
[    2.954903] evm: security.SMACK64
[    3.019423] evm: security.SMACK64EXEC
[    3.020746] evm: security.SMACK64TRANSMUTE
[    3.046684] evm: security.SMACK64MMAP
[    3.129431] evm: security.ima
[    3.165997] evm: security.capability
[    3.167558] clocksource: jiffies: mask: 0xffffffff max_cycles: 0xffffffff, max_idle_ns: 7645041785100000 ns
[    3.170696] futex hash table entries: 512 (order: 3, 32768 bytes)
[    3.172741] pinctrl core: initialized pinctrl subsystem
[    3.174592] RTC time: 15:54:25, date: 08/22/19
[    3.176518] NET: Registered protocol family 16
[    3.185746] cpuidle: using governor ladder
[    3.196719] cpuidle: using governor menu
[    3.198170] PCCT header not found.
[    3.199493] ACPI: bus type PCI registered
[    3.215451] acpiphp: ACPI Hot Plug PCI Controller Driver version: 0.5
[    3.217485] PCI: Using configuration type 1 for base access
[    3.231622] ACPI: Added _OSI(Module Device)
[    3.311119] ACPI: Added _OSI(Processor Device)
[    3.387703] ACPI: Added _OSI(3.0 _SCP Extensions)
[    3.389241] ACPI: Added _OSI(Processor Aggregator Device)
[    3.391776] ACPI: Executed 1 blocks of module-level executable AML code
[    3.396382] ACPI: Interpreter enabled
[    3.397704] ACPI: (supports S0 S5)
[    3.398984] ACPI: Using IOAPIC for interrupt routing
[    3.400774] PCI: Using host bridge windows from ACPI; if necessary, use "pci=nocrs" and report a bug
[    3.408309] ACPI: PCI Root Bridge [PCI0] (domain 0000 [bus 00-ff])
[    3.410167] acpi PNP0A03:00: _OSC: OS supports [ASPM ClockPM Segments MSI]
[    3.504657] acpi PNP0A03:00: _OSC: not requesting OS control; OS requires [ExtendedConfig ASPM ClockPM MSI]
[    3.537468] acpi PNP0A03:00: fail to add MMCONFIG information, can't access extended PCI configuration space under this bridge.
[    3.598839] PCI host bridge to bus 0000:00
[    3.600258] pci_bus 0000:00: root bus resource [io  0x0000-0x0cf7 window]
[    3.602234] pci_bus 0000:00: root bus resource [io  0x0d00-0xffff window]
[    3.724611] pci_bus 0000:00: root bus resource [mem 0x000a0000-0x000bffff window]
[    3.871879] pci_bus 0000:00: root bus resource [mem 0x40000000-0xfdffffff window]
[    3.908913] pci_bus 0000:00: root bus resource [bus 00-ff]
[    3.912762] pci 0000:00:01.1: legacy IDE quirk: reg 0x10: [io  0x01f0-0x01f7]
[    3.914830] pci 0000:00:01.1: legacy IDE quirk: reg 0x14: [io  0x03f6]
[    3.916793] pci 0000:00:01.1: legacy IDE quirk: reg 0x18: [io  0x0170-0x0177]
[    3.989834] pci 0000:00:01.1: legacy IDE quirk: reg 0x1c: [io  0x0376]
[    4.150634] pci 0000:00:07.0: quirk: [io  0x4000-0x403f] claimed by PIIX4 ACPI
[    4.154472] pci 0000:00:07.0: quirk: [io  0x4100-0x410f] claimed by PIIX4 SMB
[    4.164466] ACPI: PCI Interrupt Link [LNKA] (IRQs 5 9 10 *11)
[    4.168514] ACPI: PCI Interrupt Link [LNKB] (IRQs 5 9 *10 11)
[    4.170954] ACPI: PCI Interrupt Link [LNKC] (IRQs 5 *9 10 11)
[    4.173366] ACPI: PCI Interrupt Link [LNKD] (IRQs 5 9 10 *11)
[    4.175895] ACPI: Enabled 2 GPEs in block 00 to 07
[    4.200773] vgaarb: setting as boot device: PCI:0000:00:02.0
[    4.202532] vgaarb: device added: PCI:0000:00:02.0,decodes=io+mem,owns=io+mem,locks=none
[    4.205275] vgaarb: loaded
[    4.206385] vgaarb: bridge control possible 0000:00:02.0
[    4.208724] SCSI subsystem initialized
[    4.210520] ACPI: bus type USB registered
[    4.212004] usbcore: registered new interface driver usbfs
[    4.213739] usbcore: registered new interface driver hub
[    4.215473] usbcore: registered new device driver usb
[    4.218650] PCI: Using ACPI for IRQ routing
[    4.220775] NetLabel: Initializing
[    4.236291] NetLabel:  domain hash size = 128
[    4.244812] NetLabel:  protocols = UNLABELED CIPSOv4
[    4.246447] NetLabel:  unlabeled traffic allowed by default
[    4.260943] amd_nb: Cannot enumerate AMD northbridges
[    4.262701] clocksource: Switched to clocksource kvm-clock
[    4.278630] AppArmor: AppArmor Filesystem Enabled
[    4.285650] pnp: PnP ACPI init
[    4.287908] pnp: PnP ACPI: found 3 devices
[    4.301100] clocksource: acpi_pm: mask: 0xffffff max_cycles: 0xffffff, max_idle_ns: 2085701024 ns
[    4.304102] NET: Registered protocol family 2
[    4.306139] TCP established hash table entries: 8192 (order: 4, 65536 bytes)
[    4.317744] TCP bind hash table entries: 8192 (order: 5, 131072 bytes)
[    4.319815] TCP: Hash tables configured (established 8192 bind 8192)
[    4.321854] UDP hash table entries: 512 (order: 2, 16384 bytes)
[    4.323768] UDP-Lite hash table entries: 512 (order: 2, 16384 bytes)
[    4.325838] NET: Registered protocol family 1
[    4.327440] pci 0000:00:00.0: Limiting direct PCI/PCI transfers
[    4.329325] pci 0000:00:01.0: Activating ISA DMA hang workarounds
[    4.331510] Unpacking initramfs...
[  4.585349] Freeing initrd memory: 14828K
[    4.645764] clocksource: tsc: mask: 0xfffffffffffffff max_cycles: 0x2b2296bc2b9, max_idle_ns: 440795321505 ns
[    4.678335] platform rtc_cmos: registered platform RTC device (no PNP device found)
[    4.681067] Scanning for low memory corruption every 60 seconds

[    4.685680] audit: initializing netlink subsys (disabled)
[    4.687457] audit: type=2000 audit(1566489269.263:1): initialized
[    4.689698] Initialise system trusted keyring
[    4.739808] HugeTLB registered 2 MB page size, pre-allocated 0 pages
[    4.863272] zbud: loaded
[    4.864782] VFS: Disk quotas dquot_6.6.0
[    4.866223] VFS: Dquot-cache hash table entries: 512 (order 0, 4096 bytes)
[    4.868642] squashfs: version 4.0 (2009/01/31) Phillip Lougher
[    4.870897] fuse init (API version 7.23)
[    4.872540] Key type big_key registered
[    4.873935] Allocating IMA MOK and blacklist keyrings.
[    4.876845] Key type asymmetric registered
[    4.878282] Asymmetric key parser 'x509' registered
[    4.916995] Block layer SCSI generic (bsg) driver version 0.4 loaded (major 249)
[    4.977684] io scheduler noop registered
[    4.989400] io scheduler deadline registered (default)
[    4.991109] io scheduler cfq registered
[    4.992605] pci_hotplug: PCI Hot Plug PCI Core version: 0.5
[    5.057139] pciehp: PCI Express Hot Plug Controller Driver version: 0.4
[    5.059290] ACPI: AC Adapter [AC] (on-line)
[    5.060809] input: Power Button as /devices/LNXSYSTM:00/LNXPWRBN:00/input/input0
[    5.063449] ACPI: Power Button [PWRF]
[    5.064846] input: Sleep Button as /devices/LNXSYSTM:00/LNXSLPBN:00/input/input1
[    5.067452] ACPI: Sleep Button [SLPF]
[    5.069050] GHES: HEST is not enabled!
[    5.102648] Serial: 8250/16550 driver, 32 ports, IRQ sharing enabled
[    5.141921] 00:02: ttyS0 at I/O 0x3f8 (irq = 4, base_baud = 115200) is a 16550A
[    5.191998] Linux agpgart interface v0.103
[    5.204513] loop: module loaded
[    5.206743] scsi host0: ata_piix
[    5.208262] scsi host1: ata_piix
[    5.268997] ata1: PATA max UDMA/33 cmd 0x1f0 ctl 0x3f6 bmdma 0xd000 irq 14
[    5.271119] ata2: PATA max UDMA/33 cmd 0x170 ctl 0x376 bmdma 0xd008 irq 15
[    5.273384] libphy: Fixed MDIO Bus: probed
[    5.345065] tun: Universal TUN/TAP device driver, 1.6
[    5.352141] tun: (C) 1999-2004 Max Krasnyansky <maxk@qualcomm.com>
[    5.354188] PPP generic driver version 2.4.2
[    5.368883] ehci_hcd: USB 2.0 'Enhanced' Host Controller (EHCI) Driver
[    5.392822] ehci-pci: EHCI PCI platform driver
[    5.394337] ehci-platform: EHCI generic platform driver
[    5.448988] ohci_hcd: USB 1.1 'Open' Host Controller (OHCI) Driver
[    5.457935] ohci-pci: OHCI PCI platform driver
[    5.459473] ohci-platform: OHCI generic platform driver
[    5.505426] uhci_hcd: USB Universal Host Controller Interface driver
[    5.507470] i8042: PNP: PS/2 Controller [PNP0303:PS2K,PNP0f03:PS2M] at 0x60,0x64 irq 1,12
[    5.510921] serio: i8042 KBD port at 0x60,0x64 irq 1
[    5.512529] serio: i8042 AUX port at 0x60,0x64 irq 12
[    5.514353] mousedev: PS/2 mouse device common for all mice
[    5.516935] input: AT Translated Set 2 keyboard as /devices/platform/i8042/serio0/input/input2
[    5.519886] rtc_cmos rtc_cmos: rtc core: registered rtc_cmos as rtc0
[    5.522051] rtc_cmos rtc_cmos: alarms up to one day, 114 bytes nvram
[    5.524021] i2c /dev entries driver
[    5.525389] device-mapper: uevent: version 1.0.3
[    5.537095] device-mapper: ioctl: 4.34.0-ioctl (2015-10-28) initialised: dm-devel@redhat.com
[    5.539991] ledtrig-cpu: registered to indicate activity on CPUs
[    5.542555] NET: Registered protocol family 10
[    5.687684] NET: Registered protocol family 17
[    5.689263] Key type dns_resolver registered
[    5.691161] registered taskstats version 1
[    5.692607] Loading compiled-in X.509 certificates
[    5.695210] Loaded X.509 cert 'Build time autogenerated kernel key: 65139e04a67245b562a838c28b5e7032abdd4348'
[    5.737729] zswap: loaded using pool lzo/zbud
[    5.752045] Key type trusted registered
[    5.778838] Key type encrypted registered
[    5.787325] AppArmor: AppArmor sha1 policy hashing enabled
[    5.789110] ima: No TPM chip found, activating TPM-bypass!
[    5.790918] ima: Allocated hash algorithm: sha1
[    5.792510] evm: HMAC attrs: 0x1
[    5.794202]   Magic number: 15:148:943
[    5.795710] tty tty0: hash matches
[    5.797040] tty console: hash matches
[    5.798574] rtc_cmos rtc_cmos: setting system clock to 2019-08-22 15:54:27 UTC (1566489267)
[    5.817965] BIOS EDD facility v0.16 2004-Jun-25, 0 devices found
[    5.819985] EDD information not available.
[    5.827064] Freeing unused kernel memory: 1484K
[    5.846756] Write protecting the kernel read-only data: 14336k
[    5.862411] Freeing unused kernel memory: 1616K
[    5.864306] Freeing unused kernel memory: 68K
Loading, please wait...
starting version 229
[    6.005313] random: systemd-udevd: uninitialized urandom read (16 bytes read, 2 bits of entropy available)
[    6.011946] random: systemd-udevd: uninitialized urandom read (16 bytes read, 2 bits of entropy available)
[    6.015500] random: udevadm: uninitialized urandom read (16 bytes read, 2 bits of entropy available)
[    6.015680] random: udevadm: uninitialized urandom read (16 bytes read, 2 bits of entropy available)
[    6.027398] random: systemd-udevd: uninitialized urandom read (16 bytes read, 2 bits of entropy available)
[    6.032399] random: systemd-udevd: uninitialized urandom read (16 bytes read, 2 bits of entropy available)
[    6.065573] random: systemd-udevd: uninitialized urandom read (16 bytes read, 2 bits of entropy available)
[    6.070517] random: systemd-udevd: uninitialized urandom read (16 bytes read, 2 bits of entropy available)
[    6.075727] random: systemd-udevd: uninitialized urandom read (16 bytes read, 2 bits of entropy available)
[    6.090968] random: systemd-udevd: uninitialized urandom read (16 bytes read, 2 bits of entropy available)
[    6.454448] Fusion MPT base driver 3.04.20
[    6.456775] Copyright (c) 1999-2008 LSI Corporation
[    6.460354] e1000: Intel(R) PRO/1000 Network Driver - version 7.3.21-k8-NAPI
[    6.463693] e1000: Copyright (c) 1999-2006 Intel Corporation.
[    6.538700] Fusion MPT SPI Host driver 3.04.20
[    6.698523] input: ImExPS/2 Generic Explorer Mouse as /devices/platform/i8042/serio1/input/input4
[    6.975153] e1000 0000:00:03.0 eth0: (PCI:33MHz:32-bit) 02:1e:e5:6d:71:21
[    6.977384] e1000 0000:00:03.0 eth0: Intel(R) PRO/1000 Network Connection
[    6.980506] mptbase: ioc0: Initiating bringup
[    6.985894] e1000 0000:00:03.0 enp0s3: renamed from eth0
[    7.043297] ioc0: LSI53C1030 A0: Capabilities={Initiator}
[    7.204634] scsi host2: ioc0: LSI53C1030 A0, FwRev=00000000h, Ports=1, MaxQ=256, IRQ=20
[    7.331509] scsi 2:0:0:0: Direct-Access     VBOX     HARDDISK         1.0  PQ: 0 ANSI: 5
[    7.337458] scsi target2:0:0: Beginning Domain Validation
[    7.340653] scsi target2:0:0: Domain Validation skipping write tests
[    7.342540] scsi target2:0:0: Ending Domain Validation
[    7.344258] scsi target2:0:0: asynchronous
[    7.346051] scsi 2:0:1:0: Direct-Access     VBOX     HARDDISK         1.0  PQ: 0 ANSI: 5
[    7.348821] scsi target2:0:1: Beginning Domain Validation
[    7.351447] scsi target2:0:1: Domain Validation skipping write tests
[    7.353333] scsi target2:0:1: Ending Domain Validation
[    7.355011] scsi target2:0:1: asynchronous
[    7.363237] sd 2:0:0:0: [sda] 20971520 512-byte logical blocks: (10.7 GB/10.0 GiB)
[    7.363748] sd 2:0:0:0: Attached scsi generic sg0 type 0
[    7.375876] sd 2:0:0:0: [sda] Write Protect is off
[    7.378296] sd 2:0:1:0: Attached scsi generic sg1 type 0
[    7.381489] sd 2:0:1:0: [sdb] 20480 512-byte logical blocks: (10.5 MB/10.0 MiB)
[    7.385625] sd 2:0:0:0: [sda] Incomplete mode parameter data
[    7.394786] sd 2:0:1:0: [sdb] Write Protect is off
[    7.394934] sd 2:0:1:0: [sdb] Incomplete mode parameter data
[    7.394936] sd 2:0:1:0: [sdb] Assuming drive cache: write through
[    7.427414] sd 2:0:1:0: [sdb] Attached SCSI disk
[    7.452631] sd 2:0:0:0: [sda] Assuming drive cache: write through
[    7.469065]  sda: sda1
[    7.471969] sd 2:0:0:0: [sda] Attached SCSI disk
Begin: Loading essential drivers ... [    9.841877] md: linear personality registered for level -1
[    9.879461] md: multipath personality registered for level -4
[    9.905644] md: raid0 personality registered for level 0
[    9.936276] md: raid1 personality registered for level 1
[   10.045900] raid6: sse2x1   gen()  5288 MB/s
[   10.185868] raid6: sse2x1   xor()  6611 MB/s
[   10.265868] raid6: sse2x2   gen()  6827 MB/s
[   10.342524] raid6: sse2x2   xor()  6006 MB/s
[   10.435900] raid6: sse2x4   gen()  8904 MB/s
[   10.525871] raid6: sse2x4   xor()  7005 MB/s
[   10.536854] raid6: using algorithm sse2x4 gen() 8904 MB/s
[   10.538679] raid6: .... xor() 7005 MB/s, rmw enabled
[   10.540408] raid6: using ssse3x2 recovery algorithm
[   10.547497] xor: measuring software checksum speed
[   10.586716]    prefetch64-sse: 11382.000 MB/sec
[   10.629922]    generic_sse: 18607.000 MB/sec
[   10.633357] xor: using function: generic_sse (18607.000 MB/sec)
[   10.667108] async_tx: api initialized (async)
[   10.840962] md: raid6 personality registered for level 6
[   10.843557] md: raid5 personality registered for level 5
[   10.847429] md: raid4 personality registered for level 4
[   10.939371] md: raid10 personality registered for level 10
done.
Begin: Running /scripts/init-premount ... done.
Begin: Mounting root file system ... Begin: Running /scripts/local-top ... done.
Begin: Running /scripts/local-premount ... [   11.099960] Btrfs loaded
Scanning for Btrfs filesystems
done.
Warning: fsck not present, so skipping root file system
[   11.308835] EXT4-fs (sda1): mounted filesystem with ordered data mode. Opts: (null)
done.
Begin: Running /scripts/local-bottom ... done.
Begin: Running /scripts/init-bottom ... done.
[   12.225578] systemd[1]: systemd 229 running in system mode. (+PAM +AUDIT +SELINUX +IMA +APPARMOR +SMACK +SYSVINIT +UTMP +LIBCRYPTSETUP +GCRYPT +GNUTLS +ACL +XZ -LZ4 +SECCOMP +BLKID +ELFUTILS +KMOD -IDN)
[   12.247141] systemd[1]: Detected virtualization oracle.
[   12.248889] systemd[1]: Detected architecture x86-64.

Welcome to [1mUbuntu 16.04.6 LTS[0m!

[   12.267486] systemd[1]: Set hostname to <ubuntu>.
[   12.288157] systemd[1]: Initializing machine ID from random generator.
[   12.290315] systemd[1]: Installed transient /etc/machine-id file.
[   12.563855] random: nonblocking pool is initialized
[  13.315937] systemd[1]: Started Trigger resolvcconf update for networkd DNS.
[[0;32m  OK  [0m] Started Trigger resolvconf update for networkd DNS.
[   13.450032] systemd[1]: Listening on Device-mapper event daemon FIFOs.
[[0;32m  OK  [0m] Listening on Device-mapper event daemon FIFOs.
[   13.648961] systemd[1]: Reached target Encrypted Volumes.
[[0;32m  OK  [0m] Reached target Encrypted Volumes.
[   13.654188] systemd[1]: Created slice User and Session Slice.
[[0;32m  OK  [0m] Created slice User and Session Slice.
[   13.657895] systemd[1]: Listening on udev Kernel Socket.
[[0;32m  OK  [0m] Listening on udev Kernel Socket.
[   13.661566] systemd[1]: Listening on Journal Socket (/dev/log).
[[0;32m  OK  [0m] Listening on Journal Socket (/dev/log).
[   13.665857] systemd[1]: Set up automount Arbitrary Executable File Formats File System Automount Point.
[[0;32m  OK  [0m] Set up automount Arbitrary Executab...ats File System Automount Point.
[   13.671062] systemd[1]: Reached target System Time Synchronized.
[[0;32m  OK  [0m] Reached target System Time Synchronized.
[   13.674839] systemd[1]: Listening on LVM2 metadata daemon socket.
[[0;32m  OK  [0m] Listening on LVM2 metadata daemon socket.
[   13.678676] systemd[1]: Listening on /dev/initctl Compatibility Named Pipe.
[[0;32m  OK  [0m] Listening on /dev/initctl Compatibility Named Pipe.
[   13.682909] systemd[1]: Listening on Journal Socket.
[[0;32m  OK  [0m] Listening on Journal Socket.
[   13.686205] systemd[1]: Reached target Swap.
[[0;32m  OK  [0m] Reached target Swap.
[   13.689346] systemd[1]: Listening on LVM2 poll daemon socket.
[[0;32m  OK  [0m] Listening on LVM2 poll daemon socket.
[   13.693122] systemd[1]: Listening on Journal Audit Socket.
[[0;32m  OK  [0m] Listening on Journal Audit Socket.
[   13.696598] systemd[1]: Reached target User and Group Name Lookups.
[[0;32m  OK  [0m] Reached target User and Group Name Lookups.
[   13.700593] systemd[1]: Started Forward Password Requests to Wall Directory Watch.
[[0;32m  OK  [0m] Started Forward Password Requests to Wall Directory Watch.
[   13.705487] systemd[1]: Lstening on Syslog Socket.
[[0;32m  OK  [0m] Listening on Syslog Socket.
[   14.113756] systemd[1]: Created slice System Slice.
[[0;32m  OK  [0m] Created slice System Slice.
[   14.118261] systemd[1]: Created slice system-serial\x2dgetty.slice.
[[0;32m  OK  [0m] Created slice system-serial\x2dgetty.slice.
[   14.251696] systemd[1]: Starting Set console keymap...
         Starting Set console keymap...
[   14.265437] systemd[1]: Mounting Debug File System...
         Mounting Debug File System...
[   14.324109] systemd[1]: Starting Uncomplicated firewall...
         Starting Uncomplicated firewall...
[   14.348487] systemd[1]: Starting Journal Service...
         Starting Journal Service...
[   14.445265] systemd[1]: Starting Load Kernel Modules...
         Starting Load Kernel Modules...
[   14.465748] systemd[1]: Starting Monitoring of LVM2 mirrors, snapshots etc. using dmeventd or progress polling...
         Starting Monitoring of LVM2 mirrors... dmeventd or progress polling...
[   14.477947] systemd[1]: Reached target Slices.
[[0;32m  OK  [0m] Reached target Slices.
[   14.488746] systemd[1]: Starting Nameserver information manager...
         Starting Nameserver information manager...
[   14.527886] systemd[1]: Mounting POSIX Message Queue File System...
         Mounting POSIX Message Queue File System...
[   14.575933] systemd[1]: Starting Remount Root and Kernel File Systems...
         Starting Remount Root and Kernel File Systems...
[   14.619192] systemd[1]: Mounting Huge Pages File System...
         Mounting Huge Pages File System...
[   14.625636] systemd[1]: Listening on udev Control Socket.
[[0;32m  OK  [0m] Listening on udev Control Socket.
[   14.661793] Loading iSCSI transport class v2.0-870.
[   14.696356] systemd[1]: Starting Create list of required static device nodes for the current kernel...
         Starting Create list of required st... nodes for the current kernel...
[   14.718874] EXT4-fs (sda1): re-mounted. Opts: (null)
[   14.749933] systemd[1]: Mounted POSIX Message Queue File System.
[[0;32m  OK  [0m] Mounted POSIX Message Queue File System.
[   14.778479] systemd[1]: Mounted Huge Pages File System.
[[0;32m  OK  [0m] Mounted Huge Pages File System.
[   14.793859] systemd[1]: Mounted Debug File System.
[[0;32m  OK  [0m] Mounted Debug File System.[   14.798434] iscsi: registered transport (tcp)

[   14.808503] systemd[1]: Started Uncomplicated firewall.
[[0;32m  OK  [0m] Started Uncomplicated firewall.
[   14.847818] systemd[1]: Started Remount Root and Kernel File Systems.
[[0;32m  OK  [0m] Started Remount Root and Kernel File Systems.
[   14.871681] systemd[1]: Started Create list of required static device nodes for the current kernel.
[[0;32m  OK  [0m] Started Create list of required sta...ce nodes for the current kernel.
[   14.884963] systemd[1]: Started Journal Service.
[[0;32m  OK  [0m] Started Journal Service.
[[0;32m  OK  [0m] Started Nameserver information manager.
[   15.003232] iscsi: registered transport (iser)
[[0;32m  OK  [0m] Started Load Kernel Modules.
         Starting Apply Kernel Variables...
         Mounting FUSE Control File System...
[[0;32m  OK  [0m] Started LVM2 metadata daemon.
         Starting Create Static Device Nodes in /dev...
         Starting Flush Journal to Persistent Storage...
         Starting udev Coldplug all Devices...
         Starting Load/Save Random Seed...
[[0;32m  OK  [0m] Mounted FUSE Control File System.
[[0;32m  OK  [0m] Started Set console keymap.
[[0;32m  OK  [0m] Started Apply Kernel Variables.
[[0;32m  OK  [0m] Started Load/Save Random Seed.
[[0;32m  OK  [0m] Started Create Static Device Nodes in /dev.
[[0;32m  OK  [0m] Started Flush Journal to Persistent Storage.
         Starting udev Kernel Device Manager...
[[0;32m  OK  [0m] Started Monitoring of LVM2 mirrors,...ng dmeventd or progress polling.
[[0;32m  OK  [0m] Reached target Local File Systems (Pre).
[[0;32m  OK  [0m] Reached target Local File Systems.
         Starting LSB: AppArmor initialization...
         Starting Initial cloud-init job (pre-networking)...
         Starting Commit a transient machine-id on disk...
         Starting Tell Plymouth To Write Out Runtime Data...
         Starting Set console font and keymap...
         Starting Create Volatile Files and Directories...
[[0;32m  OK  [0m] Started udev Kernel Device Manager.
[[0;32m  OK  [0m] Started udev Coldplug all Devices.
[[0;32m  OK  [0m] Started Commit a transient machine-id on disk.
[[0;32m  OK  [0m] Started Tell Plymouth To Write Out Runtime Data.
[[0;32m  OK  [0m] Started Create Volatile Files and Directories.
         Starting Update UTMP about System Boot/Shutdown...
[[0;32m  OK  [0m] Started Dispatch Password Requests to Console Directory Watch.
[[0;32m  OK  [0m] Started Update UTMP about System Boot/Shutdown.
[[0;32m  OK  [0m] Found device /dev/ttyS0.
[[0;32m  OK  [0m] Listening on Load/Save RF Kill Switch Status /dev/rfkill Watch.
[[0;32m  OK  [0m] Started LSB: AppArmor initialization.
[[0;32m  OK  [0m] Started Initial cloud-init job (pre-networking).
[   19.135707] cloud-init[460]: Cloud-init v. 19.1-1-gbaa47854-0ubuntu1~16.04.1 running 'init-local' at Thu, 22 Aug 2019 15:54:42 +0000. Up 17.49 seconds.
[[0;32m  OK  [0m] Reached target Network (Pre).
         Starting Raise network interfaces...
[[0;32m  OK  [0m] Started Set console font and keymap.
[[0;32m  OK  [0m] Created slice system-getty.slice.
[[0;32m  OK  [0m] Started Raise network interfaces.
[[0;32m  OK  [0m] Reached target Network.
         Starting Initial cloud-init job (metadata service crawler)...
[   25.899578] cloud-init[937]: Cloud-init v. 19.1-1-gbaa47854-0ubuntu1~16.04.1 running 'init' at Thu, 22 Aug 2019 15:54:47 +0000. Up 22.32 seconds.
[[0;32m  OK  [0m[   26.130004] cloud-init[937]: ci-info: ++++++++++++++++++++++++++++++++++++++Net device info++++++++++++++++++++++++++++++++++++++
] Started Initial cloud-init job (metadata service crawler).
[   26.130968] cloud-init[937]: ci-info: +--------+------+----------------------------+---------------+--------+-------------------+
[   26.224056] cloud-init[937]: ci-info: | Device |  Up  |          Address           |      Mask     | Scope  |     Hw-Address    |
[   26.227968] cloud-init[937]: ci-info: +--------+------+----------------------------+---------------+--------+-------------------+
[   26.231882] cloud-init[937]: ci-info: | enp0s3 | True |         10.0.2.15          | 255.255.255.0 | global | 02:1e:e5:6d:71:21 |
[   26.234602] cloud-init[937]: ci-info: | enp0s3 | True | fe80::1e:e5ff:fe6d:7121/64 |       .       |  link  | 02:1e:e5:6d:71:21 |
[   26.320727] cloud-init[937]: ci-info: |   lo   | True |         127.0.0.1          |   255.0.0.0   |  host  |         .         |
[[0;32m  OK  [0m] Reached target System Initialization.
[   26.463993] cloud-init[937]: ci-info: |   lo   | True |          ::1/128           |       .       |  host  |         .         |
[   26.552574] cloud-init[937]: ci-info: +--------+------+----------------------------+---------------+--------+-------------------+
[[0;32m  OK  [0m] Started ACPI Events Check.
[   26.552924] cloud-init[937]: ci-info: +++++++++++++++++++++++++++Route IPv4 info++++++++++++++++++++++++++++
[   26.618932] cloud-init[937]: ci-info: +-------+-------------+----------+---------------+-----------+-------+
[   26.694936] cloud-init[937]: ci-info: | Route | Destination | Gateway  |    Genmask    | Interface | Flags |
[   26.749915] cloud-init[937]: ci-info: +-------+-------------+----------+---------------+-----------+-------+
[   26.756400] cloud-init[937]: ci-info: |   0   |   0.0.0.0   | 10.0.2.2 |    0.0.0.0    |   enp0s3  |   UG  |
[[0;32m  OK  [0m] Reached target Paths.
[   26.846219] cloud-init[937]: ci-info: |   1   |   10.0.2.0  | 0.0.0.0  | 255.255.255.0 |   enp0s3  |   U   |
         Starting Socket activation for snappy daemon.
[[0;32m  OK  [0m] Started Daily apt download activities.
[[0;32m  OK  [0m] Listening on UUID daemon activation socket.
[[0;32m  OK  [0m] Started Daily apt upgrade and clean activities.
[[0;32m  OK  [0m] Listening on D-Bus System Message Bus Socket.
[[0;32m  OK  [0m] Started Daily Cleanup of Temporary Directories.
[[0;32m  OK  [0m] Reached target Timers.
         Starting LXD - unix socket.
[[0;32m  OK  [0m] Listening on ACPID Listen Socket.
[   27.151940] cloud-init[937]: ci-info: +-------+-------------+----------+---------------+-----------+-------+
[   27.222694] cloud-init[937]: ci-info: +++++++++++++++++++Route IPv6 info+++++++++++++++++++
[   27.328651] cloud-init[937]: ci-info: +-------+-------------+---------+-----------+-------+
[[0;32m  OK  [0m] Reached target Network is Online.
[   27.329005] cloud-init[937]: ci-info: | Route | Destination | Gateway | Interface | Flags |
         Starting iSCSI initiator daemon (iscsid)...
[[0;32m  OK  [0m] Reached target Cloud-config availability.
[   27.444211] cloud-init[937]: ci-info: +-------+-------------+---------+-----------+-------+
[   27.515034] cloud-init[937]: [ci-info: |   0   |  fe80::/64  |    ::   |   enp0s3  |   U   |
[0;32m  OK  [0m] Listening on Socket activation for snappy daemon.
[[0;32m  OK  [0m] Listening on LXD - unix socket.
[   27.541645] cloud-init[937]: ci-info: |   4   |   ff00::/8  |    ::   |   enp0s3  |   U   |
[   27.547084] cloud-init[937]: ci-info: +-------+-------------+---------+-----------+-------+
[   27.598899] cloud-init[937]: Generating public/private rsa key pair.
[   27.606837] cloud-init[937]: Your identification has been saved in /etc/ssh/ssh_host_rsa_key.
[   27.628868] cloud-init[937]: Your public key has been saved in /etc/ssh/ssh_host_rsa_key.pub.
[   27.647738] cloud-init[937]: [[0;32m  OK  [0m] Reached target Sockets.
[[0;32m  OK  [0m] Reached target Basic System.
The key fingerprint is:
[   27.683588] cloud-init[937]: SHA256:cMKGtwrgLchGjDl5MIhpJii1pD5LA/ts3+AV0hzLRIk root@ubuntu-xenial
[   27.686890] cloud-init[937]: The key's randomart image is:
[   27.687624] cloud-init[937]: +---[RSA 2048]----+
[[0;32m  OK  [0m] Started Deferred execution scheduler.
[   27.689360] cloud-init[937]: |*oo  ...         |
[   27.967269]          Starting LXD - container startup/shutdown...
cloud-init[937]: |XX .E+.          |
[   27.992520] cloud-init[937]: |&oo . O .        |
         Starting LSB: MD monitoring daemon...
[   28.011938] cloud-init[937]: |B=.  B B         |
[   28.075447] cloud-init[937]: |oX... B S        |
[   28.085733] cloud-init[937]: |oo=. o .         |
[   28.133275] cloud-init[937]: | .+ o .          |
[[0;32m  OK  [0m] Started Regular background program processing daemon.
[   28.134663] cloud-init[937]: | . o +           |
[   28.163535] cloud-init[937]: |    o .          |
[   28.184290] cloud-init[937]: +----[SHA256]-----+
[[0;32m  OK  [0m] Started FUSE filesystem for LXC.
[   28.195809] cloud-init[937]: Generating public/private dsa key pair.         Starting Pollinate to seed the pseudo random number generator...

[   28.281365] cloud-init[937]: Your identification has been saved in /etc/ssh/ssh_host_dsa_key.
[[0;32m  OK  [0m] Started ACPI event daemon.
[   28.292828] cloud-init[937]: Your public key has been saved in /etc/ssh/ssh_host_dsa_key.pub.
[   28.370293] cloud-init[937]: The key fingerprint is:
         Starting Virtualbox guest utils...
[   28.401317] cloud-init[937]: SHA256:WYRovcSo5fkKetVv/P+A+z7S/jOQCbl8PY2bq0ai/o0 root@ubuntu-xenial
         Starting /etc/rc.local Compatibility...
[   28.465656] cloud-init[937]: The key's randomart image is:
[   28.520432] cloud-init[937]: +---[DSA 1024]----+
         Starting Login Service...
[   28.562656] cloud-init[937]: |       = ..      |
[   28.599786] cloud-init[937]: |      = =.       |
[   28.612642] cloud-init[937]: |     = o .. .    |
         Starting LSB: Record successful boot for GRUB...
[   28.714350] cloud-init[937]: |    . o .o o     |
         Starting System Logging Service...
[   28.755633] cloud-init[937]: |       oS . o +..|
[   28.792502] cloud-init[937]: |    . . o .o.*.o.|
[   28.902108] cloud-init[937]: |   . o . + oo.oo.|
         Starting Accounts Service...
[   28.915673] cloud-init[937]: |  . . . . +oo.=+ |
[   28.956092] cloud-init[937]: |   .   ..oEo=B*==|
[   28.964709] cloud-init[937]: +----[SHA256]-----+
[   28.969976] cloud-init[937]: Generating public/private ecdsa key pair.
[   28.995953] cloud-init         Starting Snappy daemon...[937]: Your identification has been saved in /etc/ssh/ssh_host_ecdsa_key.
[   29.030500] cloud-init
[937]: Your public key has been saved in /etc/ssh/ssh_host_ecdsa_key.pub.
[   29.057010] cloud-init[937]: The key fingerprint is:
[[0;32m  OK  [0m] Started D-Bus System Message Bus.[   29.062456] 
cloud-init[937]: SHA256:B5jHl33CKuNc6WgYsJDfCP3k1PpmRQEazN4oorNnXy8 root@ubuntu-xenial
[   29.132562] cloud-init[937]: The key's randomart image is:
[   29.134314] cloud-init[937]: +---[ECDSA 256]---+
[   29.138809] cloud-init[937]: |     o. ...      |
[   29.154205] cloud-init[937]: |   o  oB   =     |
[   29.159041] cloud-init[937]: |  + o.*o= + + .  |
[   29.164044] cloud-init[937]: |  .+.Xoo.+ o o   |
[   29.173149] cloud-init[937]: | . .+.* S *      |
[   29.179199] cloud-init[937]: |o      * O       |
[   29.185587] cloud-init[937]: | o    o O .      |
[   29.192691] cloud-init[937]: |. o  .E=         |
[   29.199356] cloud-init[937]: | o ..  ..        |
[   29.206320] cloud-init[937]: +----[SHA256]-----+
[   29.209519] cloud-init[937]: Generating public/private ed25519 key pair.
[   29.274664] cloud-init[937]: Your identification has been saved in /etc/ssh/ssh_host_ed25519_key.
[   29.281575] cloud-init[937]: Your public key has been saved in /etc/ssh/ssh_host_ed25519_key.pub.
[   29.285519] cloud-init[937]: The key fingerprint is:
[   29.287755] cloud-init[937]: SHA256:Miv1vlCyGharBQLgCL4CpgK/9f9vKYOxk+txplkWQac root@ubuntu-xenial
[   29.324308] cloud-init[937]: The key's randomart image is:
[   29.340720] cloud-init[937]: +--[ED25519 256]--+
[   29.355860] cloud-init[937]: |o         . .    |
[   29.367942] cloud-init[937]: |*        . o     |
[   29.372238] cloud-init[937]: |=+        E      |
[   29.376834] cloud-init[937]: |*..        .     |
[   29.379814] cloud-init[937]: |=.o o = S .      |
[   29.382773] cloud-init[937]: |o. + = O.  .     |
[   29.391074] cloud-init[937]: |  . * = o==  .   |
[   29.398060] cloud-init[937]: |   + + +=Oo o    |
[   29.414095] cloud-init[937]: |  . .  .O=.=.    |
[   29.462874] cloud-init[937]: +----[SHA256]-----+
[[0;32m  OK  [0m] Started System Logging Service.
[[0;32m  OK  [0m] Started iSCSI initiator daemon (iscsid).
[[0;32m  OK  [0m] Started /etc/rc.local Compatibility.
[[0;32m  OK  [0m] Started LXD - container startup/shutdown.
[[0;32m  OK  [0m] Started Login Service.
[[0;32m  OK  [0m] Started Unattended Upgrades Shutdown.
         Starting Authenticate and Authorize Users to Run Privileged Tasks...
         Starting Login to default iSCSI targets...
[[0;32m  OK  [0m] Started LSB: MD monitoring daemon.
[[0;32m  OK  [0m] Started LSB: Record successful boot for GRUB.
[[0;32m  OK  [0m] Started Login to default iSCSI targets.
[[0;32m  OK  [0m] Reached target Remote File Systems (Pre).
[[0;32m  OK  [0m] Reached target Remote File Systems.
         Starting LSB: Set the CPU Frequency Scaling governor to "ondemand"...
         Starting Permit User Sessions...
         Starting LSB: daemon to balance interrupts for SMP systems...
         Starting LSB: automatic crash report generation...
[[0;32m  OK  [0m] Started Permit User Sessions.
[[0;32m  OK  [0m] Started Authenticate and Authorize Users to Run Privileged Tasks.
[[0;32m  OK  [0m] Started Accounts Service.
         Starting Hold until boot process finishes up...
         Starting Terminate Plymouth Boot Screen...
[[0;32m  OK  [0m] Started Hold until boot process finishes up.
[[0;32m  OK  [0m] Started Serial Getty on ttyS0.
[[0;32m  OK  [0m] Started Getty on tty1.
[[0;32m  OK  [0m] Reached target Login Prompts.
         Starting Set console scheme...
[[0;32m  OK  [0m] Started Terminate Plymouth Boot Screen.
[[0;32m  OK  [0m] Started Set console scheme.
[[0;32m  OK  [0m] Started Virtualbox guest utils.
[[0;32m  OK  [0m] Started LSB: Set the CPU Frequency Scaling governor to "ondemand".
[[0;32m  OK  [0m] Started LSB: daemon to balance interrupts for SMP systems.
[[0;32m  OK  [0m] Started LSB: automatic crash report generation.
[[0;32m  OK  [0m] Started Pollinate to seed the pseudo random number generator.
         Starting OpenBSD Secure Shell server...
[[0;32m  OK  [0m] Started Snappy daemon.
         Starting Wait until snapd is fully seeded...
[[0;32m  OK  [0m] Started OpenBSD Secure Shell server.
[[0;32m  OK  [0m] Created slice User Slice of vagrant.
         Starting User Manager for UID 1000...
[[0;32m  OK  [0m] Started Session 1 of user vagrant.
[[0;32m  OK  [0m] Started User Manager for UID 1000.

Ubuntu 16.04.6 LTS ubuntu-xenial ttyS0

ubuntu-xenial login: [   39.075024] cloud-init[1387]: Generating locales (this might take a while)...
[   42.195026] cloud-init[1387]:   en_US.UTF-8... done
[   42.197155] cloud-init[1387]: Generation complete.
[   44.097588] cloud-init[1387]: Cloud-init v. 19.1-1-gbaa47854-0ubuntu1~16.04.1 running 'modules:config' at Thu, 22 Aug 2019 15:55:03 +0000. Up 38.37 seconds.
ci-info: no authorized ssh keys fingerprints found for user ubuntu.
<14>Aug 22 15:55:11 ec2: 
<14>Aug 22 15:55:11 ec2: #############################################################
<14>Aug 22 15:55:11 ec2: -----BEGIN SSH HOST KEY FINGERPRINTS-----
<14>Aug 22 15:55:11 ec2: 1024 SHA256:WYRovcSo5fkKetVv/P+A+z7S/jOQCbl8PY2bq0ai/o0 root@ubuntu-xenial (DSA)
<14>Aug 22 15:55:11 ec2: 256 SHA256:B5jHl33CKuNc6WgYsJDfCP3k1PpmRQEazN4oorNnXy8 root@ubuntu-xenial (ECDSA)
<14>Aug 22 15:55:11 ec2: 256 SHA256:Miv1vlCyGharBQLgCL4CpgK/9f9vKYOxk+txplkWQac root@ubuntu-xenial (ED25519)
<14>Aug 22 15:55:11 ec2: 2048 SHA256:cMKGtwrgLchGjDl5MIhpJii1pD5LA/ts3+AV0hzLRIk root@ubuntu-xenial (RSA)
<14>Aug 22 15:55:11 ec2: -----END SSH HOST KEY FINGERPRINTS-----
<14>Aug 22 15:55:11 ec2: #############################################################
-----BEGIN SSH HOST KEY KEYS-----
ecdsa-sha2-nistp256 AAAAE2VjZHNhLXNoYTItbmlzdHAyNTYAAAAIbmlzdHAyNTYAAABBBNi16bLxvFHkW8DpHfWS4UK0MsezeLm7HAIUh/gIdMlVyjyBtuhjlrHD9fkOF8Zkqc63xHveZSaL2uGFOADAxWE= root@ubuntu-xenial
ssh-ed25519 AAAAC3NzaC1lZDI1NTE5AAAAIBtsDC1+MAFRa4kJZcIlA1VixDpX+VFVJ5LX+v9kIND8 root@ubuntu-xenial
ssh-rsa AAAAB3NzaC1yc2EAAAADAQABAAABAQDQ4zWXzk7Xv8Mkg1IAvt5GoPfpFLttKzu3tXglvTD/bSMhuL6MjcvSF8dld1rLqBvL9zMdcCGQ5OkXmFZZpeXF8gZ7hqkhmxi29IVxJ4c7Tc95k1+3KhmScLRNfGdZ3ii6jGvsODb1WCTWH2wzCm525Xu+I2r8+p7OAQAf2RuTq4p4hHIceCC+kCooY9W7u7mJrXmj+KQCdiu/Lzk/xYLs0HdkoHMrsRY7KP6ywSj06ePRQaNxizFkn8udikEAjFxRiLMBupJGPdZ/F4fBYRpidCgmNfw1p97JmJlRzblQjFBNpfPO8HVZTylxhlWnGuBaW4U/euvdubPd/xUlg5GN root@ubuntu-xenial
-----END SSH HOST KEY KEYS-----
[   45.966868] cloud-init[1561]: Cloud-init v. 19.1-1-gbaa47854-0ubuntu1~16.04.1 running 'modules:final' at Thu, 22 Aug 2019 15:55:10 +0000. Up 45.35 seconds.
[   45.967616] cloud-init[1561]: ci-info: no authorized ssh keys fingerprints found for user ubuntu.
[   46.019438] cloud-init[1561]: Cloud-init v. 19.1-1-gbaa47854-0ubuntu1~16.04.1 finished at Thu, 22 Aug 2019 15:55:11 +0000. Datasource DataSourceNoCloud [seed=/dev/sdb][dsmode=net].  Up 45.92 seconds
